// Jest Snapshot v1, https://goo.gl/fbAQLP

exports[`test suite should render the login 1`] = `
<main
  className="main"
>
  <div
    className="button-twitter"
  />
  <form
    className="login"
    onSubmit={[Function]}
  >
    <fieldset
      className="login-fieldset"
    >
      <input
        autoComplete="username"
        className="login-fieldset-field"
        name="username"
        onChange={[Function]}
        placeholder="Username"
        type="text"
        value=""
      />
      <input
        autoComplete="current-password"
        className="login-fieldset-field"
        name="password"
        onChange={[Function]}
        placeholder="Password"
        type="password"
        value=""
      />
      <button
        className="login-fieldset-submit"
        type="submit"
      >
        Log In
      </button>
    </fieldset>
  </form>
</main>
`;
