// Jest Snapshot v1, https://goo.gl/fbAQLP

exports[`Capture component tests should render the Capture component 1`] = `
<div
  className="horizontal-container capture-container sticky"
>
  <div
    className="display-flex"
  >
    <img
      alt=""
      className="avatar"
      src="undefined"
    />
  </div>
  <form
    className="tweet-form"
    onSubmit={[Function]}
  >
    <div
      className="capture-input-container"
    >
      <textarea
        className="capture-input"
        onChange={[Function]}
        placeholder="What's happening?"
        value=""
      />
    </div>
    <div
      className="tweet-button-container"
    >
      <button
        className="tweet-button twitter-blue-background"
        type="submit"
      >
        <span
          className="text"
        >
          Tweet
        </span>
      </button>
    </div>
  </form>
</div>
`;
